[2026-02-17 20:00:47] Processed test1.pdf successfully
[2026-02-17 20:00:47] Processed test2.pdf successfully
[2026-02-17 20:00:47] Processed test3.pdf successfully
[2026-02-17 20:00:47] Processed test4.pdf successfully